0 verbose cli /usr/local/bin/node /usr/local/lib/node_modules/npm/bin/npm-cli.js
1 info using npm@11.11.0
2 info using node@v24.14.1
3 silly config load:file:/usr/local/lib/node_modules/npm/npmrc
4 silly config load:file:/Users/ridloabelian/Documents/fwp.or.id/.npmrc
5 silly config load:file:/Users/ridloabelian/.npmrc
6 silly config load:file:/usr/local/etc/npmrc
7 verbose title npm exec create-vite@latest ./ --template react --no-interactive
8 verbose argv "exec" "--yes" "--" "create-vite@latest" "./" "--template" "react" "--no-interactive"
9 verbose logfile logs-max:10 dir:/Users/ridloabelian/Documents/fwp.or.id/.npm-cache/_logs/2026-04-07T03_49_10_482Z-
10 verbose logfile /Users/ridloabelian/Documents/fwp.or.id/.npm-cache/_logs/2026-04-07T03_49_10_482Z-debug-0.log
11 silly logfile done cleaning log files
12 silly packumentCache heap:2348810240 maxSize:587202560 maxEntrySize:293601280
13 http fetch GET 200 https://registry.npmjs.org/create-vite 2713ms (cache revalidated)
14 silly packumentCache heap:2348810240 maxSize:587202560 maxEntrySize:293601280
15 silly packumentCache heap:2348810240 maxSize:587202560 maxEntrySize:293601280
16 silly idealTree buildDeps
17 silly fetch manifest create-vite@9.0.4
18 silly packumentCache full:https://registry.npmjs.org/create-vite cache-miss
19 http cache https://registry.npmjs.org/create-vite 4ms (cache hit)
20 silly packumentCache full:https://registry.npmjs.org/create-vite set size:238204 disposed:false
21 silly placeDep ROOT create-vite@9.0.4 OK for:  want: 9.0.4
22 silly reify moves {}
23 silly audit bulk request { 'create-vite': [ '9.0.4' ] }
24 http cache create-vite@https://registry.npmjs.org/create-vite/-/create-vite-9.0.4.tgz 0ms (cache hit)
25 http fetch POST 200 https://registry.npmjs.org/-/npm/v1/security/advisories/bulk 261ms
26 silly audit report {}
27 verbose cwd /Users/ridloabelian/Documents/fwp.or.id
28 verbose os Darwin 24.3.0
29 verbose node v24.14.1
30 verbose npm  v11.11.0
31 verbose exit 0
32 info ok
